
> str-software@1.0.0 build
> prisma generate && next build

node.exe : Environment variables loaded from .env
No C:\Program Files\nodejs\npm.ps1:29 caractere:3
+   & $NODE_EXE $NPM_CLI_JS $args
+   ~~~~~~~~~~~~~~~~~~~~~~~~~~~~~
    + CategoryInfo          : NotSpecified: (Environment variables loaded from .env:String) [], RemoteException
    + FullyQualifiedErrorId : NativeCommandError
 
Prisma schema loaded from prisma\schema.prisma

Ô£ö Generated Prisma Client (v6.19.1) to .\node_modules\@prisma\client in 308ms

Start by importing your Prisma Client (See: https://pris.ly/d/importing-client)

Tip: Need your database queries to be 1000x faster? Accelerate offers you that and more: https://pris.ly/tip-2-accelerate

   Ôû▓ Next.js 15.0.3
   - Environments: .env

   Creating an optimized production build ...
 Ô£ô Compiled successfully
   Linting and checking validity of types ...
Failed to compile.

./app/login/page.tsx:7:9
Type error: Type '(formData: FormData) => Promise<{ success: boolean; }>' is not assignable to type 'string | ((formData: 
FormData) => void | Promise<void>) | undefined'.
  Type '(formData: FormData) => Promise<{ success: boolean; }>' is not assignable to type '(formData: FormData) => void | 
Promise<void>'.
    Type 'Promise<{ success: boolean; }>' is not assignable to type 'void | Promise<void>'.
      Type 'Promise<{ success: boolean; }>' is not assignable to type 'Promise<void>'.
        Type '{ success: boolean; }' is not assignable to type 'void'.

[0m [90m  5 |[39m     [33m<[39m[33mmain[39m className[33m=[39m[32m"min-h-screen flex items-center justify-center 
bg-[#020617] text-white"[39m[33m>[39m[0m
[0m [90m  6 |[39m       [33m<[39m[33mform[39m[0m
[0m[31m[1m>[22m[39m[90m  7 |[39m         action[33m=[39m{adminLogin}[0m
[0m [90m    |[39m         [31m[1m^[22m[39m[0m
[0m [90m  8 |[39m         className[33m=[39m[32m"bg-slate-900 p-8 rounded-xl border border-white/10 w-80 
space-y-4"[39m[0m
[0m [90m  9 |[39m       [33m>[39m[0m
[0m [90m 10 |[39m         [33m<[39m[33mh1[39m className[33m=[39m[32m"text-xl font-bold 
text-center"[39m[33m>[39m[33mLogin[39m [33mAdmin[39m[33m<[39m[33m/[39m[33mh1[39m[33m>[39m[0m
